Command line invocation:
    /Applications/Xcode.app/Contents/Developer/usr/bin/xcodebuild -project PorteosIntelligence.xcodeproj -target PorteosIntelligenceTests -configuration Debug build

ComputePackagePrebuildTargetDependencyGraph

Prepare packages

CreateBuildRequest

SendProjectDescription

CreateBuildOperation

ComputeTargetDependencyGraph
note: Building targets in dependency order
note: Target dependency graph (2 targets)
    Target 'PorteosIntelligenceTests' in project 'PorteosIntelligence'
        ➜ Explicit dependency on target 'PorteosIntelligence' in project 'PorteosIntelligence'
    Target 'PorteosIntelligence' in project 'PorteosIntelligence' (no dependencies)

GatherProvisioningInputs

CreateBuildDescription

ExecuteExternalTool /Applications/Xcode.app/Contents/Developer/Toolchains/XcodeDefault.xctoolchain/usr/bin/clang -v -E -dM -isysroot /Applications/Xcode.app/Contents/Developer/Platforms/MacOSX.platform/Developer/SDKs/MacOSX26.5.sdk -x c -c /dev/null

ExecuteExternalTool /Applications/Xcode.app/Contents/Developer/Toolchains/XcodeDefault.xctoolchain/usr/bin/swiftc --version

ExecuteExternalTool /Applications/Xcode.app/Contents/Developer/usr/bin/actool --version --output-format xml1

ExecuteExternalTool /Applications/Xcode.app/Contents/Developer/Toolchains/XcodeDefault.xctoolchain/usr/bin/ld -version_details

Build description signature: 56237a32d406ede5b78931d76505efe1
Build description path: /Users/howardduffy/CascadeProjects/PorteosNative/PorteosIntelligence/build/XCBuildData/56237a32d406ede5b78931d76505efe1.xcbuilddata
ClangStatCache /Applications/Xcode.app/Contents/Developer/Toolchains/XcodeDefault.xctoolchain/usr/bin/clang-stat-cache /Applications/Xcode.app/Contents/Developer/Platforms/MacOSX.platform/Developer/SDKs/MacOSX26.5.sdk /var/folders/5h/3bd903x95csd0f4484g2kqcr0000gn/C/com.apple.DeveloperTools/26.6-17F113/Xcode/SDKStatCaches.noindex/macosx26.5-25F70-e082c4a02f00227109f4ed75e425c832.sdkstatcache
    cd /Users/howardduffy/CascadeProjects/PorteosNative/PorteosIntelligence/PorteosIntelligence.xcodeproj
    /Applications/Xcode.app/Contents/Developer/Toolchains/XcodeDefault.xctoolchain/usr/bin/clang-stat-cache /Applications/Xcode.app/Contents/Developer/Platforms/MacOSX.platform/Developer/SDKs/MacOSX26.5.sdk -o /var/folders/5h/3bd903x95csd0f4484g2kqcr0000gn/C/com.apple.DeveloperTools/26.6-17F113/Xcode/SDKStatCaches.noindex/macosx26.5-25F70-e082c4a02f00227109f4ed75e425c832.sdkstatcache

warning: ONLY_ACTIVE_ARCH=YES requested with multiple ARCHS and no active architecture could be computed; building for all applicable architectures (in target 'PorteosIntelligence' from project 'PorteosIntelligence')
CopySwiftLibs /Users/howardduffy/CascadeProjects/PorteosNative/PorteosIntelligence/build/Debug/PorteosIntelligence.app (in target 'PorteosIntelligence' from project 'PorteosIntelligence')
    cd /Users/howardduffy/CascadeProjects/PorteosNative/PorteosIntelligence
    builtin-swiftStdLibTool --copy --verbose --sign F018CBD8CC6407BDDE7EAB91A3278F00AB69266B --scan-executable /Users/howardduffy/CascadeProjects/PorteosNative/PorteosIntelligence/build/Debug/PorteosIntelligence.app/Contents/MacOS/PorteosIntelligence --scan-folder /Users/howardduffy/CascadeProjects/PorteosNative/PorteosIntelligence/build/Debug/PorteosIntelligence.app/Contents/Frameworks --scan-folder /Users/howardduffy/CascadeProjects/PorteosNative/PorteosIntelligence/build/Debug/PorteosIntelligence.app/Contents/PlugIns --scan-folder /Users/howardduffy/CascadeProjects/PorteosNative/PorteosIntelligence/build/Debug/PorteosIntelligence.app/Contents/Library/SystemExtensions --scan-folder /Users/howardduffy/CascadeProjects/PorteosNative/PorteosIntelligence/build/Debug/PorteosIntelligence.app/Contents/Extensions --platform macosx --toolchain /Applications/Xcode.app/Contents/Developer/Toolchains/XcodeDefault.xctoolchain --destination /Users/howardduffy/CascadeProjects/PorteosNative/PorteosIntelligence/build/Debug/PorteosIntelligence.app/Contents/Frameworks --strip-bitcode --strip-bitcode-tool /Applications/Xcode.app/Contents/Developer/Toolchains/XcodeDefault.xctoolchain/usr/bin/bitcode_strip --emit-dependency-info /Users/howardduffy/CascadeProjects/PorteosNative/PorteosIntelligence/build/PorteosIntelligence.build/Debug/PorteosIntelligence.build/SwiftStdLibToolInputDependencies.dep --filter-for-swift-os --back-deploy-swift-span

ProcessInfoPlistFile /Users/howardduffy/CascadeProjects/PorteosNative/PorteosIntelligence/build/Debug/PorteosIntelligence.app/Contents/Info.plist /Users/howardduffy/CascadeProjects/PorteosNative/PorteosIntelligence/build/PorteosIntelligence.build/Debug/PorteosIntelligence.build/empty-PorteosIntelligence.plist (in target 'PorteosIntelligence' from project 'PorteosIntelligence')
    cd /Users/howardduffy/CascadeProjects/PorteosNative/PorteosIntelligence
    builtin-infoPlistUtility /Users/howardduffy/CascadeProjects/PorteosNative/PorteosIntelligence/build/PorteosIntelligence.build/Debug/PorteosIntelligence.build/empty-PorteosIntelligence.plist -producttype com.apple.product-type.application -genpkginfo /Users/howardduffy/CascadeProjects/PorteosNative/PorteosIntelligence/build/Debug/PorteosIntelligence.app/Contents/PkgInfo -expandbuildsettings -platform macosx -additionalcontentfile /Users/howardduffy/CascadeProjects/PorteosNative/PorteosIntelligence/build/PorteosIntelligence.build/Debug/PorteosIntelligence.build/assetcatalog_generated_info.plist -o /Users/howardduffy/CascadeProjects/PorteosNative/PorteosIntelligence/build/Debug/PorteosIntelligence.app/Contents/Info.plist

warning: ONLY_ACTIVE_ARCH=YES requested with multiple ARCHS and no active architecture could be computed; building for all applicable architectures (in target 'PorteosIntelligenceTests' from project 'PorteosIntelligence')
ProcessInfoPlistFile /Users/howardduffy/CascadeProjects/PorteosNative/PorteosIntelligence/build/Debug/PorteosIntelligence.app/Contents/PlugIns/PorteosIntelligenceTests.xctest/Contents/Info.plist /Users/howardduffy/CascadeProjects/PorteosNative/PorteosIntelligence/build/PorteosIntelligence.build/Debug/PorteosIntelligenceTests.build/empty-PorteosIntelligenceTests.plist (in target 'PorteosIntelligenceTests' from project 'PorteosIntelligence')
    cd /Users/howardduffy/CascadeProjects/PorteosNative/PorteosIntelligence
    builtin-infoPlistUtility /Users/howardduffy/CascadeProjects/PorteosNative/PorteosIntelligence/build/PorteosIntelligence.build/Debug/PorteosIntelligenceTests.build/empty-PorteosIntelligenceTests.plist -producttype com.apple.product-type.bundle.unit-test -expandbuildsettings -platform macosx -o /Users/howardduffy/CascadeProjects/PorteosNative/PorteosIntelligence/build/Debug/PorteosIntelligence.app/Contents/PlugIns/PorteosIntelligenceTests.xctest/Contents/Info.plist

CopySwiftLibs /Users/howardduffy/CascadeProjects/PorteosNative/PorteosIntelligence/build/Debug/PorteosIntelligence.app/Contents/PlugIns/PorteosIntelligenceTests.xctest (in target 'PorteosIntelligenceTests' from project 'PorteosIntelligence')
    cd /Users/howardduffy/CascadeProjects/PorteosNative/PorteosIntelligence
    builtin-swiftStdLibTool --copy --verbose --sign F018CBD8CC6407BDDE7EAB91A3278F00AB69266B --scan-executable /Users/howardduffy/CascadeProjects/PorteosNative/PorteosIntelligence/build/Debug/PorteosIntelligence.app/Contents/PlugIns/PorteosIntelligenceTests.xctest/Contents/MacOS/PorteosIntelligenceTests --scan-folder /Users/howardduffy/CascadeProjects/PorteosNative/PorteosIntelligence/build/Debug/PorteosIntelligence.app/Contents/PlugIns/PorteosIntelligenceTests.xctest/Contents/Frameworks --scan-folder /Users/howardduffy/CascadeProjects/PorteosNative/PorteosIntelligence/build/Debug/PorteosIntelligence.app/Contents/PlugIns/PorteosIntelligenceTests.xctest/Contents/PlugIns --scan-folder /Users/howardduffy/CascadeProjects/PorteosNative/PorteosIntelligence/build/Debug/PorteosIntelligence.app/Contents/PlugIns/PorteosIntelligenceTests.xctest/Contents/Library/SystemExtensions --scan-folder /Users/howardduffy/CascadeProjects/PorteosNative/PorteosIntelligence/build/Debug/PorteosIntelligence.app/Contents/PlugIns/PorteosIntelligenceTests.xctest/Contents/Extensions --platform macosx --toolchain /Applications/Xcode.app/Contents/Developer/Toolchains/XcodeDefault.xctoolchain --destination /Users/howardduffy/CascadeProjects/PorteosNative/PorteosIntelligence/build/Debug/PorteosIntelligence.app/Contents/PlugIns/PorteosIntelligenceTests.xctest/Contents/Frameworks --strip-bitcode --scan-executable /Applications/Xcode.app/Contents/Developer/Platforms/MacOSX.platform/Developer/usr/lib/libXCTestSwiftSupport.dylib --strip-bitcode-tool /Applications/Xcode.app/Contents/Developer/Toolchains/XcodeDefault.xctoolchain/usr/bin/bitcode_strip --emit-dependency-info /Users/howardduffy/CascadeProjects/PorteosNative/PorteosIntelligence/build/PorteosIntelligence.build/Debug/PorteosIntelligenceTests.build/SwiftStdLibToolInputDependencies.dep --filter-for-swift-os

** BUILD SUCCEEDED **

