Command line invocation:
    /Applications/Xcode.app/Contents/Developer/usr/bin/xcodebuild -project PorteosIntelligence.xcodeproj -scheme PorteosIntelligence -destination platform=macOS build

--- xcodebuild: WARNING: Using the first of multiple matching destinations:
{ platform:macOS, arch:arm64, id:00006021-000A60193C47401E, name:My Mac }
{ platform:macOS, arch:x86_64, id:00006021-000A60193C47401E, name:My Mac }
ComputePackagePrebuildTargetDependencyGraph

Prepare packages

CreateBuildRequest

SendProjectDescription

CreateBuildOperation

ComputeTargetDependencyGraph
note: Building targets in dependency order
note: Target dependency graph (1 target)
    Target 'PorteosIntelligence' in project 'PorteosIntelligence' (no dependencies)

GatherProvisioningInputs

CreateBuildDescription

ExecuteExternalTool /Applications/Xcode.app/Contents/Developer/Toolchains/XcodeDefault.xctoolchain/usr/bin/clang -v -E -dM -isysroot /Applications/Xcode.app/Contents/Developer/Platforms/MacOSX.platform/Developer/SDKs/MacOSX26.5.sdk -x c -c /dev/null

ExecuteExternalTool /Applications/Xcode.app/Contents/Developer/usr/bin/actool --version --output-format xml1

ExecuteExternalTool /Applications/Xcode.app/Contents/Developer/Toolchains/XcodeDefault.xctoolchain/usr/bin/swiftc --version

ExecuteExternalTool /Applications/Xcode.app/Contents/Developer/Toolchains/XcodeDefault.xctoolchain/usr/bin/ld -version_details

Build description signature: 8e515987e3d0648038abc3c94a70de84
Build description path: /Users/howardduffy/Library/Developer/Xcode/DerivedData/PorteosIntelligence-fsgddcpacwcibthicubwammzqkwc/Build/Intermediates.noindex/XCBuildData/8e515987e3d0648038abc3c94a70de84.xcbuilddata
ClangStatCache /Applications/Xcode.app/Contents/Developer/Toolchains/XcodeDefault.xctoolchain/usr/bin/clang-stat-cache /Applications/Xcode.app/Contents/Developer/Platforms/MacOSX.platform/Developer/SDKs/MacOSX26.5.sdk /Users/howardduffy/Library/Developer/Xcode/DerivedData/SDKStatCaches.noindex/macosx26.5-25F70-e082c4a02f00227109f4ed75e425c832.sdkstatcache
    cd /Users/howardduffy/CascadeProjects/PorteosNative/PorteosIntelligence/PorteosIntelligence.xcodeproj
    /Applications/Xcode.app/Contents/Developer/Toolchains/XcodeDefault.xctoolchain/usr/bin/clang-stat-cache /Applications/Xcode.app/Contents/Developer/Platforms/MacOSX.platform/Developer/SDKs/MacOSX26.5.sdk -o /Users/howardduffy/Library/Developer/Xcode/DerivedData/SDKStatCaches.noindex/macosx26.5-25F70-e082c4a02f00227109f4ed75e425c832.sdkstatcache

ProcessInfoPlistFile /Users/howardduffy/Library/Developer/Xcode/DerivedData/PorteosIntelligence-fsgddcpacwcibthicubwammzqkwc/Build/Products/Debug/PorteosIntelligence.app/Contents/Info.plist /Users/howardduffy/Library/Developer/Xcode/DerivedData/PorteosIntelligence-fsgddcpacwcibthicubwammzqkwc/Build/Intermediates.noindex/PorteosIntelligence.build/Debug/PorteosIntelligence.build/empty-PorteosIntelligence.plist (in target 'PorteosIntelligence' from project 'PorteosIntelligence')
    cd /Users/howardduffy/CascadeProjects/PorteosNative/PorteosIntelligence
    builtin-infoPlistUtility /Users/howardduffy/Library/Developer/Xcode/DerivedData/PorteosIntelligence-fsgddcpacwcibthicubwammzqkwc/Build/Intermediates.noindex/PorteosIntelligence.build/Debug/PorteosIntelligence.build/empty-PorteosIntelligence.plist -producttype com.apple.product-type.application -genpkginfo /Users/howardduffy/Library/Developer/Xcode/DerivedData/PorteosIntelligence-fsgddcpacwcibthicubwammzqkwc/Build/Products/Debug/PorteosIntelligence.app/Contents/PkgInfo -expandbuildsettings -platform macosx -additionalcontentfile /Users/howardduffy/Library/Developer/Xcode/DerivedData/PorteosIntelligence-fsgddcpacwcibthicubwammzqkwc/Build/Intermediates.noindex/PorteosIntelligence.build/Debug/PorteosIntelligence.build/assetcatalog_generated_info.plist -o /Users/howardduffy/Library/Developer/Xcode/DerivedData/PorteosIntelligence-fsgddcpacwcibthicubwammzqkwc/Build/Products/Debug/PorteosIntelligence.app/Contents/Info.plist

CopySwiftLibs /Users/howardduffy/Library/Developer/Xcode/DerivedData/PorteosIntelligence-fsgddcpacwcibthicubwammzqkwc/Build/Products/Debug/PorteosIntelligence.app (in target 'PorteosIntelligence' from project 'PorteosIntelligence')
    cd /Users/howardduffy/CascadeProjects/PorteosNative/PorteosIntelligence
    builtin-swiftStdLibTool --copy --verbose --sign F018CBD8CC6407BDDE7EAB91A3278F00AB69266B --scan-executable /Users/howardduffy/Library/Developer/Xcode/DerivedData/PorteosIntelligence-fsgddcpacwcibthicubwammzqkwc/Build/Products/Debug/PorteosIntelligence.app/Contents/MacOS/PorteosIntelligence.debug.dylib --scan-folder /Users/howardduffy/Library/Developer/Xcode/DerivedData/PorteosIntelligence-fsgddcpacwcibthicubwammzqkwc/Build/Products/Debug/PorteosIntelligence.app/Contents/Frameworks --scan-folder /Users/howardduffy/Library/Developer/Xcode/DerivedData/PorteosIntelligence-fsgddcpacwcibthicubwammzqkwc/Build/Products/Debug/PorteosIntelligence.app/Contents/PlugIns --scan-folder /Users/howardduffy/Library/Developer/Xcode/DerivedData/PorteosIntelligence-fsgddcpacwcibthicubwammzqkwc/Build/Products/Debug/PorteosIntelligence.app/Contents/Library/SystemExtensions --scan-folder /Users/howardduffy/Library/Developer/Xcode/DerivedData/PorteosIntelligence-fsgddcpacwcibthicubwammzqkwc/Build/Products/Debug/PorteosIntelligence.app/Contents/Extensions --platform macosx --toolchain /Applications/Xcode.app/Contents/Developer/Toolchains/XcodeDefault.xctoolchain --destination /Users/howardduffy/Library/Developer/Xcode/DerivedData/PorteosIntelligence-fsgddcpacwcibthicubwammzqkwc/Build/Products/Debug/PorteosIntelligence.app/Contents/Frameworks --strip-bitcode --strip-bitcode-tool /Applications/Xcode.app/Contents/Developer/Toolchains/XcodeDefault.xctoolchain/usr/bin/bitcode_strip --emit-dependency-info /Users/howardduffy/Library/Developer/Xcode/DerivedData/PorteosIntelligence-fsgddcpacwcibthicubwammzqkwc/Build/Intermediates.noindex/PorteosIntelligence.build/Debug/PorteosIntelligence.build/SwiftStdLibToolInputDependencies.dep --filter-for-swift-os --back-deploy-swift-span

** BUILD SUCCEEDED **

